[2026-08-03 09:30:11] INITIALIZATION: Started taurun-quote-produtos project. Checked /logs directory. Initialized activity log.
[2026-08-03 09:30:11] CONTEXT: Inspected taurun-lead-audit design system. Setting up Nuxt + Tailwind presentation tool for sales representatives.
[2026-08-03 09:33:40] PLANNING: Completed /grill-me session with user. Created implementation_plan.md artifact for Tela 01.
[2026-08-03 09:36:00] PLAN APPROVED: User approved implementation plan with typography modification (change font to Geist). Authorized execution for Tela 01.
[2026-08-03 09:38:50] CODEBASE SETUP: Created Nuxt 3 project structure, package.json, nuxt.config.ts, tailwind.config.js with Geist font and taurun-lead-audit HSL design tokens, main.css, useQuote composable, Header.vue, FormInput.vue, FormSelect.vue, FormToggle.vue, QuoteForm.vue, QuoteSummary.vue, and pages/index.vue.
[2026-08-03 09:39:05] BUILD PROCESS: Executed npm install successfully (739 packages added).
[2026-08-03 09:41:44] VERIFICATION SUCCESS: Executed npm run build cleanly with zero errors. Nuxt 3 production bundle ready.
[2026-08-03 09:56:00] SKILL INSTALLED: Installed /impeccable skill into .agents/skills/impeccable for design critique, heuristics scanning, and visual polish.
[2026-08-03 10:00:00] IMPECCABLE INIT: Initialized Impeccable context. Created PRODUCT.md (strategic product context), DESIGN.md (visual system spec), and .impeccable/live/config.json.
[2026-08-03 10:04:00] IMPECCABLE CRITIQUE & POLISH: Performed AI Slop audit. Removed neon glows, kickers ("AO VIVO", "SIMULADOR COMERCIAL & APRESENTAÇÕES"), background blur auras, and decorative sparkles. Replaced green semantic accent with high-contrast monochrome gray scale across all components and CSS tokens.
[2026-08-03 10:21:00] ANIMATION & UI REFINEMENT: Removed "Orçamentos" badge in Header.vue. Removed seller badge card at the bottom of the summary card/modal. Refined animation curves and micro-interactions.
[2026-08-03 13:37:00] BRANDING & HEADER UPDATE: Removed top-right seller badge from Header.vue. Extracted official Taurun logo asset (logo-taurun.png) from taurun-website into public/ and rendered it in Header.vue.
[2026-08-03 15:55:00] TYPOGRAPHY UPDATE: Replaced Geist with Alumni Sans across main.css Google Fonts import and tailwind.config.js fontFamily.sans.
[2026-08-03 16:00:00] TYPOGRAPHY REVERT: Reverted font back to Geist (Alumni Sans was too condensed/illegible at UI scale).
[2026-08-03 16:53:00] PRESENTATION: Created pages/apresentacao/revestimento.vue. Installed GSAP. Slide 01: logo reveal animado (linhas + scale + fade, logo #696969, bg #0d1012, partículas). Slide 02: "A Superfície Perfeita" com Bodoni Moda Italic #a3a3a3, imagem hexafibra.JPG com clip-path reveal, conectores brancos animados via GSAP timeline.
[2026-08-03 17:01:00] PRESENTATION REFINEMENT: Substituídos dots de navegação por setas laterais circulares (← →) com blur/backdrop. Slide 02 reescrito com GSAP mais intenso: clip-path curtain + Ken Burns na imagem, stagger de tópicos com linhas de annotation que cruzam a coluna da imagem. Textos resumidos. Tópico 03 removido.
[2026-08-03 17:05:00] TYPOGRAPHY HIERARCHY: Ajustada hierarquia tipográfica do Slide 02 conforme print: "tatame unificado" em font-size clamp(2–4.5rem) weight 800. Textos auxiliares em opacidades reduzidas (40%, 22%). Tópicos com texto menor que o conceito. Todos os tamanhos migrados para vw units.
[2026-08-03 17:07:00] FONT SIZE BUMP: Aumentados tamanhos de fonte globalmente no Slide 02. "Perfeita" passou para 8vw, "tatame unificado" para 4vw, lead text para 1.6vw, tópicos para 1.2vw.
[2026-08-03 17:32:00] SLIDE 03 CREATED: Adicionado Slide 03 "Antes & Depois". Copiadas imagens revestimento-antes.jpeg, revestimento-depois.jpeg e revestimento-logo.png para public/. Layout 55/45%: esquerda com wipe reveal automático via GSAP clipPath, direita com logo + "Modelo de / Tatame Escolhido" (Bodoni Moda) + frases sequenciais (Sem encaixes, Sem mau cheiro, Estética impecável).
[2026-08-03 17:40:00] SLIDE 03 INTERACTIVE SLIDER: Convertido wipe automático em slider drag interativo. sliderPos reativo controla clipPath da imagem "depois". Handle com linha branca + grip circular branco (setas ‹ ›). GSAP anima sliderPos de 5→50% na entrada (power3.inOut), depois usuário controla livremente via mouse drag e touch. Texto "Revestimento Taurun" substituído pelo logo revestimento-logo.png com filter CSS.
[2026-08-03 17:48:00] LOG UPDATE: Registradas todas as atividades da sessão no activity.log.
[2026-08-04 15:01:00] PRESENTATION CONTINUATION: Criado plano de implementação (implementation_plan.md) para expansão da apresentação comercial do Revestimento Taurun (Slides 04, 05 e 06: Pilares de Alta Performance, Personalização Sob Medida e CTA com Simulador Comercial).
[2026-08-04 15:07:00] SLIDE 03 REFINEMENT: Removido logo duplicado no topo da coluna direita do Slide 03. Corrigido alinhamento central da linha divisória vertical do slider (.s3-handle-line left: 50%) e ajustada interpolação GSAP em sliderPos via objeto reativo onUpdate.
[2026-08-04 15:20:00] SLIDE 04 CREATED: Adicionado Slide 04 "Etapas do Projeto Após Fechamento do Contrato". Implementados 4 cards expansíveis (Projeto, Produção, Envio, Instalação) com suporte a clique, rótulos verticais colapsados, ícones minimalistas SVG e transições suaves mantendo o design system.
[2026-08-04 15:33:00] SLIDE 05 CREATED: Adicionado Slide 05 "Quem São Nossos Clientes?". Copiadas imagens dos atletas para public/clientes/. Implementada grade 2x5 com 10 atletas (sem BJJ Stars e Ana Rodrigues), fotos em círculos desfocados/misteriosos com desfoque e revelação fluida por clique (foto + nome) e botão "Revelar Todos".
[2026-08-04 15:43:00] COMPILER FIX: Adicionada a tag de fechamento </section> ausente no Slide 04 em revestimento.vue, resolvendo o erro de compilação do Vue ("Element is missing end tag").
[2026-08-04 15:46:00] SLIDE 06 CREATED: Adicionado Slide 06 "Investimento & Proposta Comercial". Integrado reativamente ao composable useQuote (exibindo produto selecionado, m², valor/m², vinil click opcional e total geral em BRL), botão de ajuste rápido no simulador e CTA para aprovação comercial via WhatsApp.
[2026-08-04 15:58:00] SLIDE 06 REFINEMENT: Alterada a nomenclatura de "Acabamento Vinil Click" para "Proteções de parede Vinil Click" de forma consistente em revestimento.vue, QuoteForm.vue e QuoteSummary.vue. Removidos os botões de ação ("Ajustar Cotação" e "Aprovar Proposta Comercial") do Slide 06 conforme orientação.
[2026-08-04 16:03:00] DASHBOARD & TABS ADDED: Adicionada navegacao por abas no Header.vue ("Simulador Comercial" e "Apresentações Salvas" com badge dinâmico). Criado o componente SavedQuotesList.vue para listagem de propostas com dados completos (cliente, vendedor, produtos, metragem, proteções de parede e investimento total BRL) e botão "Ver Apresentação" para acionamento direto do slide com os dados do orçamento.
[2026-08-06 08:32:00] IMAGES UPDATED: Substituição das fotos do slider Antes/Depois na apresentação de Revestimento (revestimento.vue) por novas imagens enviadas pelo usuário (tatame antigo vs. tatame Gracie Barra azul limpo) e correção da inversão.
[2026-08-06 08:35:00] THEME PERSISTENCE FIXED: Correção de bug em useQuote.ts no qual a alternância de tema claro/escuro não persistia ao navegar por abas. Implementação de useState para compartilhamento global de estado dos campos no Nuxt 3 e persistência do tema selecionado no localStorage.
[2026-08-06 08:45:00] LOGO CONTRAST FIXED: Ajuste na filtragem de cores da logo no Header.vue (remoção do filtro invert em modo claro). Agora a logo fica preta em modo claro e branca em modo escuro, mantendo alto contraste em ambos os temas.
[2026-08-06 08:56:00] SLIDE 06 REDESIGNED: Reformulação do Slide 06 ("Benefícios Chave do T50-PRO") em t50-pro.vue para layout split de 2 colunas. Lado esquerdo com 5 cards de benefícios em entrada escalonada via GSAP; lado direito com foto oficial enviada do projeto Flow Life e badge em vidro.
[2026-08-06 09:20:00] SLIDE 06 GSAP ENHANCEMENT & BADGE REMOVAL: Remoção completa da tag/badge "Projeto Oficial T50-PRO" sobre a imagem. Atualização da linha do tempo do GSAP em animateSlideBeneficios() para animação 3D em camadas: revelação estilo cortina com zoom-out da foto, rotação/flip 3D dos cards e pop-in elástico dos ícones.
[2026-08-06 09:50:00] NEW SLIDE ABSORÇÃO HÍBRIDA 3D: Adição e redesign completo do slide "Absorção Híbrida". O slide foi movido para logo após o Slide 03. Toda a UI baseada em listas foi substituída por controles imersivos. A simulação foi recriada usando blocos isométricos em puro CSS 3D (`preserve-3d`), manipulando variáveis CSS com GSAP para demonstrar o impacto na Camada Soft e na Base Densa TS40. Adição da regra global sobre slop/bullets.
